10:00:33 **** Incremental Build of configuration Debug for project Lab8 ****
make -j12 all 
arm-none-eabi-gcc -mcpu=cortex-m4 -g3 -DDEBUG -c -x assembler-with-cpp -MMD -MP -MF"Src/main.d" -MT"Src/main.o" --specs=nano.specs -mfpu=fpv4-sp-d16 -mfloat-abi=hard -mthumb -o "Src/main.o" "../Src/main.S"
arm-none-eabi-gcc -o "Lab8.elf" @"objects.list"   -mcpu=cortex-m4 -T"C:\Users\enhoh\Documents\CE2801\Labs\Lab8\STM32F446RETX_FLASH.ld" --specs=nosys.specs -Wl,-Map="Lab8.map" -Wl,--gc-sections -static --specs=nano.specs -mfpu=fpv4-sp-d16 -mfloat-abi=hard -mthumb -Wl,--start-group -lc -lm -Wl,--end-group
Finished building target: Lab8.elf
 
arm-none-eabi-size   Lab8.elf 
arm-none-eabi-objdump -h -S  Lab8.elf  > "Lab8.list"
arm-none-eabi-objcopy  -O binary  Lab8.elf  "Lab8.bin"
   text	   data	    bss	    dec	    hex	filename
   3756	     60	   1564	   5380	   1504	Lab8.elf
Finished building: default.size.stdout
 
Finished building: Lab8.bin
 
Finished building: Lab8.list
 
10:01:12 **** Incremental Build of configuration Debug for project Lab8 ****
make -j12 all 
arm-none-eabi-size   Lab8.elf 
   text	   data	    bss	    dec	    hex	filename
   3756	     60	   1564	   5380	   1504	Lab8.elf
Finished building: default.size.stdout
 
