18:36:25 **** Incremental Build of configuration Debug for project Lab7 ****
make -j12 all 
arm-none-eabi-gcc -mcpu=cortex-m4 -g3 -DDEBUG -c -x assembler-with-cpp -MMD -MP -MF"Src/LCD_Control.d" -MT"Src/LCD_Control.o" --specs=nano.specs -mfpu=fpv4-sp-d16 -mfloat-abi=hard -mthumb -o "Src/LCD_Control.o" "../Src/LCD_Control.S"
arm-none-eabi-gcc -o "Lab7.elf" @"objects.list"   -mcpu=cortex-m4 -T"C:\Users\enhoh\Documents\CE2801\Labs\Lab7\STM32F446RETX_FLASH.ld" --specs=nosys.specs -Wl,-Map="Lab7.map" -Wl,--gc-sections -static --specs=nano.specs -mfpu=fpv4-sp-d16 -mfloat-abi=hard -mthumb -Wl,--start-group -lc -lm -Wl,--end-group
Finished building target: Lab7.elf
 
arm-none-eabi-size   Lab7.elf 
arm-none-eabi-objdump -h -S  Lab7.elf  > "Lab7.list"
arm-none-eabi-objcopy  -O binary  Lab7.elf  "Lab7.bin"
   text	   data	    bss	    dec	    hex	filename
   3828	     24	   1568	   5420	   152c	Lab7.elf
Finished building: default.size.stdout
 
Finished building: Lab7.bin
 
Finished building: Lab7.list
 

18:36:26 Build Finished. 0 errors, 0 warnings. (took 656ms)

